[wed-webs.com/storyofedoandalice/index.html]
[backblue.gif]
[fade.gif]
[index.html]
[c0.wp.com/c/6.3.1/wp-includes/css/dist/block-library/style.min.css]
[wed-webs.com/wp-content/themes/hello-elementor/style.min1102.css]
[wed-webs.com/wp-content/themes/hello-elementor/theme.min1102.css]
[wed-webs.com/wp-content/plugins/elementor/assets/lib/eicons/css/elementor-icons.mind618.css]
[wed-webs.com/storyofedoandalice/feed/index.html]
[wed-webs.com/wp-content/uploads/elementor/css/custom-frontend-lite.minbd8f.css]
[wed-webs.com/wp-content/plugins/elementor/assets/lib/swiper/css/swiper.min48f5.css]
[wed-webs.com/wp-content/uploads/elementor/css/post-25903bd8f.css]
[wed-webs.com/wp-content/uploads/elementor/css/custom-pro-frontend-lite.minbd8f.css]
[wed-webs.com/wp-content/plugins/elementor/assets/lib/font-awesome/css/all.minb73d.css]
[wed-webs.com/wp-content/plugins/elementor/assets/lib/font-awesome/css/v4-shims.minb73d.css]
[wed-webs.com/wp-content/uploads/elementor/css/global5185.css]
[wed-webs.com/wp-content/uploads/elementor/css/post-2054073f6d.css]
[wed-webs.com/wp-content/plugins/fluentform/assets/css/fluent-forms-elementor-widgetaaf9.css]
[wed-webs.com/wp-content/plugins/elementor/assets/lib/font-awesome/css/fontawesome.min52d5.css]
[wed-webs.com/wp-content/plugins/elementor/assets/lib/font-awesome/css/brands.min52d5.css]
[wed-webs.com/wp-content/plugins/elementor/assets/lib/font-awesome/css/solid.min52d5.css]
[wed-webs.com/wp-content/plugins/elementor/assets/lib/font-awesome/css/regular.min52d5.css]
[c0.wp.com/p/jetpack/12.5/css/jetpack.css]
[wed-webs.com/wp-content/plugins/elementor/assets/lib/font-awesome/js/v4-shims.minb73d.js]
[i0.wp.com/wed-webs.com/wp-content/uploads/2022/03/cropped-Logo-W-2022-Golde43b.png]
[i0.wp.com/wed-webs.com/wp-content/uploads/2022/03/cropped-Logo-W-2022-Gold98d8.png]
[i0.wp.com/wed-webs.com/wp-content/uploads/2022/03/cropped-Logo-W-2022-Goldf9b5.png]
[i0.wp.com/wed-webs.com/wp-content/uploads/2023/07/Logo-Alice1900.png]
[i0.wp.com/wed-webs.com/wp-content/uploads/2023/07/Logo-Alice-blue1900.png]
[i0.wp.com/wed-webs.com/wp-content/uploads/2022/10/White-Flower-ART-Ananda8584.png]
[i0.wp.com/wed-webs.com/wp-content/uploads/2023/09/Alice-WSP_-724fff.jpg]
[i0.wp.com/wed-webs.com/wp-content/uploads/2023/09/Alice-WSP_-554fff.jpg]
[i0.wp.com/wed-webs.com/wp-content/uploads/2023/07/Alice-Bridecd3b.jpg]
[i0.wp.com/wed-webs.com/wp-content/uploads/2022/10/White-Flower-ART-Ananda-28584.png]
[desfianarai.com/wp-content/plugins/elementor-pro/assets/css/widget-posts.min.css]
[i0.wp.com/wed-webs.com/wp-content/uploads/2023/09/Alice-WSP_-1114fff.jpg]
[i0.wp.com/wed-webs.com/wp-content/uploads/2023/09/Alice-DEN012864fff.jpg]
[i0.wp.com/wed-webs.com/wp-content/uploads/2023/09/Alice-DEN00364a5c9.jpg]
[i0.wp.com/wed-webs.com/wp-content/uploads/2023/09/Alice-DEN002644fff.jpg]
[i0.wp.com/wed-webs.com/UPLOAD/pausee053.png]
[wed-webs.com/wp-content/uploads/elementor/css/custom-widget-icon-box.min14b6.css]
[i0.wp.com/wed-webs.com/wp-content/uploads/2023/09/Alice-DEN000424fff.jpg]
[i0.wp.com/wed-webs.com/wp-content/uploads/2023/09/Alice-DEN002994fff.jpg]
[i0.wp.com/wed-webs.com/wp-content/uploads/2023/09/Alice-DEN003234fff.jpg]
[i0.wp.com/wed-webs.com/wp-content/uploads/2023/09/Alice-DEN005084fff.jpg]
[i0.wp.com/wed-webs.com/wp-content/uploads/2023/09/Alice-DEN001494fff.jpg]
[i0.wp.com/wed-webs.com/wp-content/uploads/2023/09/Alice-DSC067867fdb.jpg]
[i0.wp.com/wed-webs.com/wp-content/uploads/2023/09/Alice-DEN003830010.jpg]
[i0.wp.com/wed-webs.com/wp-content/uploads/2023/09/Alice-WSP_-604fff.jpg]
[i0.wp.com/wed-webs.com/wp-content/uploads/2023/09/Alice-WSP_-434fff.jpg]
[i0.wp.com/wed-webs.com/wp-content/uploads/2023/09/Alice-_WJE220113d0.jpg]
[i0.wp.com/wed-webs.com/wp-content/uploads/2023/09/Alice-DSC068137fdb.jpg]
[i0.wp.com/wed-webs.com/wp-content/uploads/2023/09/Alice-DEN01819-213d0.jpg]
[i0.wp.com/wed-webs.com/wp-content/uploads/2023/09/Alice-DSC067737fdb.jpg]
[i0.wp.com/wed-webs.com/wp-content/uploads/2023/09/Alice-DSC067647fdb.jpg]
[wed-webs.com/wp-content/plugins/fluentform/assets/css/fluent-forms-publicaaf9.css]
[wed-webs.com/wp-content/plugins/fluentform/assets/css/fluentform-public-defaultaaf9.css]
[wed-webs.com/wp-content/plugins/elementor/assets/lib/e-gallery/css/e-gallery.min7359.css]
[wed-webs.com/wp-content/uploads/elementor/css/post-26502a8a0.css]
[wed-webs.com/wp-content/uploads/elementor/css/post-2108759f65.css]
[wed-webs.com/wp-content/uploads/elementor/css/post-78504a8a0.css]
[wed-webs.com/wp-content/plugins/elementor/assets/lib/animations/animations.minb73d.css]
[wed-webs.com/wp-content/plugins/jetpack/jetpack_vendor/automattic/jetpack-image-cdn/dist/image-cdndca9.js]
[stats.wp.com/e-202337.js]
[c0.wp.com/c/6.3.1/wp-includes/js/jquery/jquery.min.js]
[c0.wp.com/c/6.3.1/wp-includes/js/jquery/jquery-migrate.min.js]
[wed-webs.com/wp-content/plugins/elementor-pro/assets/lib/lottie/lottie.min3f90.js]
[wed-webs.com/wp-content/plugins/fluentform/assets/js/fluentform-advancedaaf9.js]
[wed-webs.com/wp-content/plugins/fluentform/assets/js/form-submissionaaf9.js]
[c0.wp.com/c/6.3.1/wp-includes/js/imagesloaded.min.js]
[wed-webs.com/wp-content/plugins/elementor/assets/lib/e-gallery/js/e-gallery.min7359.js]
[wed-webs.com/wp-content/plugins/elementor-pro/assets/js/webpack-pro.runtime.min5829.js]
[wed-webs.com/wp-content/plugins/elementor/assets/js/webpack.runtime.minb73d.js]
[wed-webs.com/wp-content/plugins/elementor/assets/js/frontend-modules.minb73d.js]
[c0.wp.com/c/6.3.1/wp-includes/js/dist/vendor/wp-polyfill-inert.min.js]
[c0.wp.com/c/6.3.1/wp-includes/js/dist/vendor/regenerator-runtime.min.js]
[c0.wp.com/c/6.3.1/wp-includes/js/dist/vendor/wp-polyfill.min.js]
[c0.wp.com/c/6.3.1/wp-includes/js/dist/hooks.min.js]
[c0.wp.com/c/6.3.1/wp-includes/js/dist/i18n.min.js]
[wed-webs.com/wp-content/plugins/elementor-pro/assets/js/frontend.min5829.js]
[wed-webs.com/wp-content/plugins/elementor/assets/lib/waypoints/waypoints.min05da.js]
[c0.wp.com/c/6.3.1/wp-includes/js/jquery/ui/core.min.js]
[wed-webs.com/wp-content/plugins/elementor/assets/js/frontend.minb73d.js]
[wed-webs.com/wp-content/plugins/elementor-pro/assets/js/elements-handlers.min5829.js]
[wed-webs.com/wp-content/plugins/elementor-pro/assets/lib/sticky/jquery.sticky.min5829.js]
[wed-webs.com/UPLOAD/pause.png]
[wed-webs.com/storyofedoandalice/index.html]
[c0.wp.com/c/6.3.1/wp-includes/css/dist/block-library/style.min.css]
[wed-webs.com/wp-content/themes/hello-elementor/style.min1102.css]
[wed-webs.com/wp-content/themes/hello-elementor/theme.min1102.css]
[wed-webs.com/wp-content/plugins/elementor/assets/lib/eicons/css/elementor-icons.mind618.css]
[wed-webs.com/wp-content/uploads/elementor/css/custom-frontend-lite.minbd8f.css]
[wed-webs.com/wp-content/plugins/elementor/assets/lib/swiper/css/swiper.min48f5.css]
[wed-webs.com/wp-content/uploads/elementor/css/post-25903bd8f.css]
[wed-webs.com/wp-content/uploads/elementor/css/custom-pro-frontend-lite.minbd8f.css]
[wed-webs.com/wp-content/plugins/elementor/assets/lib/font-awesome/css/all.minb73d.css]
[wed-webs.com/wp-content/plugins/elementor/assets/lib/font-awesome/css/v4-shims.minb73d.css]
[wed-webs.com/wp-content/uploads/elementor/css/global5185.css]
[i0.wp.com/wed-webs.com/wp-content/uploads/2023/07/VIN011-2-Blue4fc4.jpg]
[i0.wp.com/wed-webs.com/wp-content/uploads/2023/07/VIN011-BLUE-Pcc28.jpg]
[i0.wp.com/wed-webs.com/wp-content/uploads/2023/07/VIN011-2b4fc4.png]
[i0.wp.com/wed-webs.com/wp-content/uploads/2023/09/Alice-DEN014644fff.jpg]
[wed-webs.com/wp-content/uploads/elementor/css/post-2054073f6d.css]
[wed-webs.com/wp-content/plugins/fluentform/assets/css/fluent-forms-elementor-widgetaaf9.css]
[wed-webs.com/wp-content/plugins/elementor/assets/lib/font-awesome/css/fontawesome.min52d5.css]
[wed-webs.com/wp-content/plugins/elementor/assets/lib/font-awesome/css/brands.min52d5.css]
[wed-webs.com/wp-content/plugins/elementor/assets/lib/font-awesome/css/solid.min52d5.css]
[wed-webs.com/wp-content/plugins/elementor/assets/lib/font-awesome/css/regular.min52d5.css]
[c0.wp.com/p/jetpack/12.5/modules/shortcodes/img/slideshow-controls.png]
[c0.wp.com/p/jetpack/12.5/modules/shortcodes/img/slideshow-controls-2x.png]
[c0.wp.com/p/jetpack/12.5/modules/shortcodes/images/slide-nav.png]
[c0.wp.com/p/jetpack/12.5/modules/shortcodes/images/expand.png]
[c0.wp.com/p/jetpack/12.5/modules/shortcodes/images/collapse.png]
[secure.gravatar.com/images/grav-share-sprite.png]
[c0.wp.com/p/jetpack/12.5/css/jetpack.css]
[desfianarai.com/wp-content/plugins/elementor-pro/assets/css/widget-posts.min.css]
[wed-webs.com/wp-content/uploads/elementor/css/custom-widget-icon-box.min14b6.css]
[wed-webs.com/wp-content/plugins/fluentform/assets/css/fluent-forms-publicaaf9.css]
[wed-webs.com/wp-content/plugins/fluentform/assets/css/fluentform-public-defaultaaf9.css]
[wed-webs.com/wp-content/plugins/elementor/assets/lib/e-gallery/css/e-gallery.min7359.css]
[wed-webs.com/wp-content/uploads/elementor/css/post-26502a8a0.css]
[wed-webs.com/wp-content/uploads/elementor/css/post-2108759f65.css]
[wed-webs.com/wp-content/uploads/elementor/css/post-78504a8a0.css]
[wed-webs.com/wp-content/plugins/elementor/assets/lib/animations/animations.minb73d.css]
